Archive member included to satisfy reference by file (symbol)

/usr/lib/gcc/avr/5.4.0/avr5/libgcc.a(_divmodsi4.o)
                              GUI.o (__divmodsi4)
/usr/lib/gcc/avr/5.4.0/avr5/libgcc.a(_negsi2.o)
                              /usr/lib/gcc/avr/5.4.0/avr5/libgcc.a(_divmodsi4.o) (__negsi2)
/usr/lib/gcc/avr/5.4.0/avr5/libgcc.a(_exit.o)
                              /usr/lib/gcc/avr/5.4.0/../../../avr/lib/avr5/crtatmega169.o (exit)
/usr/lib/gcc/avr/5.4.0/avr5/libgcc.a(_copy_data.o)
                              main.o (__do_copy_data)
/usr/lib/gcc/avr/5.4.0/avr5/libgcc.a(_clear_bss.o)
                              TinyTimber.o (__do_clear_bss)
/usr/lib/gcc/avr/5.4.0/avr5/libgcc.a(_udivmodsi4.o)
                              /usr/lib/gcc/avr/5.4.0/avr5/libgcc.a(_divmodsi4.o) (__udivmodsi4)
/usr/lib/gcc/avr/5.4.0/../../../avr/lib/avr5/libc.a(setjmp.o)
                              TinyTimber.o (setjmp)

Allocating common symbols
Common symbol       size              file

otable              0x24              TinyTimber.o
threads             0x74              TinyTimber.o
mtable              0x24              TinyTimber.o
thread0             0x1d              TinyTimber.o
messages            0xf0              TinyTimber.o
stacks              0x180             TinyTimber.o

Memory Configuration

Name             Origin             Length             Attributes
text             0x0000000000000000 0x0000000000020000 xr
data             0x0000000000800060 0x000000000000ffa0 rw !x
eeprom           0x0000000000810000 0x0000000000010000 rw !x
fuse             0x0000000000820000 0x0000000000000003 rw !x
lock             0x0000000000830000 0x0000000000000400 rw !x
signature        0x0000000000840000 0x0000000000000400 rw !x
user_signatures  0x0000000000850000 0x0000000000000400 rw !x
*default*        0x0000000000000000 0xffffffffffffffff

Linker script and memory map

Address of section .data set to 0x800100
LOAD /usr/lib/gcc/avr/5.4.0/../../../avr/lib/avr5/crtatmega169.o
LOAD main.o
LOAD init_lcd.o
LOAD init_buttons.o
LOAD Writer.o
LOAD TinyTimber.o
LOAD Generator.o
LOAD GUI.o
START GROUP
LOAD /usr/lib/gcc/avr/5.4.0/avr5/libgcc.a
LOAD /usr/lib/gcc/avr/5.4.0/../../../avr/lib/avr5/libm.a
LOAD /usr/lib/gcc/avr/5.4.0/../../../avr/lib/avr5/libc.a
LOAD /usr/lib/gcc/avr/5.4.0/../../../avr/lib/avr5/libatmega169.a
END GROUP
                0x0000000000000000                __TEXT_REGION_ORIGIN__ = DEFINED (__TEXT_REGION_ORIGIN__)?__TEXT_REGION_ORIGIN__:0x0
                0x0000000000800060                __DATA_REGION_ORIGIN__ = DEFINED (__DATA_REGION_ORIGIN__)?__DATA_REGION_ORIGIN__:0x800060
                0x0000000000020000                __TEXT_REGION_LENGTH__ = DEFINED (__TEXT_REGION_LENGTH__)?__TEXT_REGION_LENGTH__:0x20000
                0x000000000000ffa0                __DATA_REGION_LENGTH__ = DEFINED (__DATA_REGION_LENGTH__)?__DATA_REGION_LENGTH__:0xffa0
                0x0000000000010000                __EEPROM_REGION_LENGTH__ = DEFINED (__EEPROM_REGION_LENGTH__)?__EEPROM_REGION_LENGTH__:0x10000
                [0x0000000000000003]                __FUSE_REGION_LENGTH__ = DEFINED (__FUSE_REGION_LENGTH__)?__FUSE_REGION_LENGTH__:0x400
                0x0000000000000400                __LOCK_REGION_LENGTH__ = DEFINED (__LOCK_REGION_LENGTH__)?__LOCK_REGION_LENGTH__:0x400
                0x0000000000000400                __SIGNATURE_REGION_LENGTH__ = DEFINED (__SIGNATURE_REGION_LENGTH__)?__SIGNATURE_REGION_LENGTH__:0x400
                0x0000000000000400                __USER_SIGNATURE_REGION_LENGTH__ = DEFINED (__USER_SIGNATURE_REGION_LENGTH__)?__USER_SIGNATURE_REGION_LENGTH__:0x400

.hash
 *(.hash)

.dynsym
 *(.dynsym)

.dynstr
 *(.dynstr)

.gnu.version
 *(.gnu.version)

.gnu.version_d
 *(.gnu.version_d)

.gnu.version_r
 *(.gnu.version_r)

.rel.init
 *(.rel.init)

.rela.init
 *(.rela.init)

.rel.text
 *(.rel.text)
 *(.rel.text.*)
 *(.rel.gnu.linkonce.t*)

.rela.text
 *(.rela.text)
 *(.rela.text.*)
 *(.rela.gnu.linkonce.t*)

.rel.fini
 *(.rel.fini)

.rela.fini
 *(.rela.fini)

.rel.rodata
 *(.rel.rodata)
 *(.rel.rodata.*)
 *(.rel.gnu.linkonce.r*)

.rela.rodata
 *(.rela.rodata)
 *(.rela.rodata.*)
 *(.rela.gnu.linkonce.r*)

.rel.data
 *(.rel.data)
 *(.rel.data.*)
 *(.rel.gnu.linkonce.d*)

.rela.data
 *(.rela.data)
 *(.rela.data.*)
 *(.rela.gnu.linkonce.d*)

.rel.ctors
 *(.rel.ctors)

.rela.ctors
 *(.rela.ctors)

.rel.dtors
 *(.rel.dtors)

.rela.dtors
 *(.rela.dtors)

.rel.got
 *(.rel.got)

.rela.got
 *(.rela.got)

.rel.bss
 *(.rel.bss)

.rela.bss
 *(.rela.bss)

.rel.plt
 *(.rel.plt)

.rela.plt
 *(.rela.plt)

.text           0x0000000000000000     0x3254
 *(.vectors)
 .vectors       0x0000000000000000       0x5c /usr/lib/gcc/avr/5.4.0/../../../avr/lib/avr5/crtatmega169.o
                0x0000000000000000                __vectors
                0x0000000000000000                __vector_default
 *(.vectors)
 *(.progmem.gcc*)
                0x000000000000005c                . = ALIGN (0x2)
                0x000000000000005c                __trampolines_start = .
 *(.trampolines)
 .trampolines   0x000000000000005c        0x0 linker stubs
 *(.trampolines*)
                0x000000000000005c                __trampolines_end = .
 *libprintf_flt.a:*(.progmem.data)
 *libc.a:*(.progmem.data)
 *(.progmem*)
                0x000000000000005c                . = ALIGN (0x2)
 *(.jumptables)
 *(.jumptables*)
 *(.lowtext)
 *(.lowtext*)
                0x000000000000005c                __ctors_start = .
 *(.ctors)
                0x000000000000005c                __ctors_end = .
                0x000000000000005c                __dtors_start = .
 *(.dtors)
                0x000000000000005c                __dtors_end = .
 SORT(*)(.ctors)
 SORT(*)(.dtors)
 *(.init0)
 .init0         0x000000000000005c        0x0 /usr/lib/gcc/avr/5.4.0/../../../avr/lib/avr5/crtatmega169.o
                0x000000000000005c                __init
 *(.init0)
 *(.init1)
 *(.init1)
 *(.init2)
 .init2         0x000000000000005c        0xc /usr/lib/gcc/avr/5.4.0/../../../avr/lib/avr5/crtatmega169.o
 *(.init2)
 *(.init3)
 *(.init3)
 *(.init4)
 .init4         0x0000000000000068       0x16 /usr/lib/gcc/avr/5.4.0/avr5/libgcc.a(_copy_data.o)
                0x0000000000000068                __do_copy_data
 .init4         0x000000000000007e       0x10 /usr/lib/gcc/avr/5.4.0/avr5/libgcc.a(_clear_bss.o)
                0x000000000000007e                __do_clear_bss
 *(.init4)
 *(.init5)
 *(.init5)
 *(.init6)
 *(.init6)
 *(.init7)
 *(.init7)
 *(.init8)
 *(.init8)
 *(.init9)
 .init9         0x000000000000008e        0x8 /usr/lib/gcc/avr/5.4.0/../../../avr/lib/avr5/crtatmega169.o
 *(.init9)
 *(.text)
 .text          0x0000000000000096        0x4 /usr/lib/gcc/avr/5.4.0/../../../avr/lib/avr5/crtatmega169.o
                0x0000000000000096                __bad_interrupt
                0x0000000000000096                __vector_6
                0x0000000000000096                __vector_8
 .text          0x000000000000009a        0x0 main.o
 .text          0x000000000000009a        0x0 init_lcd.o
 .text          0x000000000000009a        0x0 init_buttons.o
 .text          0x000000000000009a        0x0 Writer.o
 .text          0x000000000000009a        0x0 TinyTimber.o
 .text          0x000000000000009a        0x0 Generator.o
 .text          0x000000000000009a        0x0 GUI.o
 .text          0x000000000000009a        0x0 /usr/lib/gcc/avr/5.4.0/avr5/libgcc.a(_divmodsi4.o)
 .text          0x000000000000009a        0x0 /usr/lib/gcc/avr/5.4.0/avr5/libgcc.a(_negsi2.o)
 .text          0x000000000000009a        0x0 /usr/lib/gcc/avr/5.4.0/avr5/libgcc.a(_exit.o)
 .text          0x000000000000009a        0x0 /usr/lib/gcc/avr/5.4.0/avr5/libgcc.a(_copy_data.o)
 .text          0x000000000000009a        0x0 /usr/lib/gcc/avr/5.4.0/avr5/libgcc.a(_clear_bss.o)
 .text          0x000000000000009a        0x0 /usr/lib/gcc/avr/5.4.0/avr5/libgcc.a(_udivmodsi4.o)
 .text          0x000000000000009a        0x0 /usr/lib/gcc/avr/5.4.0/../../../avr/lib/avr5/libc.a(setjmp.o)
                0x000000000000009a                . = ALIGN (0x2)
 *(.text.*)
 .text.main     0x000000000000009a       0x42 main.o
                0x000000000000009a                main
 .text.init_lcd
                0x00000000000000dc       0x38 init_lcd.o
                0x00000000000000dc                init_lcd
 .text.init_buttons
                0x0000000000000114       0x42 init_buttons.o
                0x0000000000000114                init_buttons
 .text.__vector_1
                0x0000000000000156      0x110 TinyTimber.o
                0x0000000000000156                __vector_1
 .text.__vector_2
                0x0000000000000266      0x110 TinyTimber.o
                0x0000000000000266                __vector_2
 .text.__vector_3
                0x0000000000000376      0x110 TinyTimber.o
                0x0000000000000376                __vector_3
 .text.__vector_4
                0x0000000000000486      0x110 TinyTimber.o
                0x0000000000000486                __vector_4
 .text.__vector_5
                0x0000000000000596      0x110 TinyTimber.o
                0x0000000000000596                __vector_5
 .text.__vector_10
                0x00000000000006a6      0x110 TinyTimber.o
                0x00000000000006a6                __vector_10
 .text.__vector_11
                0x00000000000007b6      0x110 TinyTimber.o
                0x00000000000007b6                __vector_11
 .text.__vector_12
                0x00000000000008c6      0x110 TinyTimber.o
                0x00000000000008c6                __vector_12
 .text.__vector_13
                0x00000000000009d6      0x110 TinyTimber.o
                0x00000000000009d6                __vector_13
 .text.__vector_14
                0x0000000000000ae6      0x110 TinyTimber.o
                0x0000000000000ae6                __vector_14
 .text.__vector_15
                0x0000000000000bf6      0x110 TinyTimber.o
                0x0000000000000bf6                __vector_15
 .text.__vector_16
                0x0000000000000d06      0x110 TinyTimber.o
                0x0000000000000d06                __vector_16
 .text.__vector_17
                0x0000000000000e16      0x110 TinyTimber.o
                0x0000000000000e16                __vector_17
 .text.__vector_18
                0x0000000000000f26      0x110 TinyTimber.o
                0x0000000000000f26                __vector_18
 .text.__vector_19
                0x0000000000001036      0x110 TinyTimber.o
                0x0000000000001036                __vector_19
 .text.__vector_20
                0x0000000000001146      0x110 TinyTimber.o
                0x0000000000001146                __vector_20
 .text.__vector_21
                0x0000000000001256      0x110 TinyTimber.o
                0x0000000000001256                __vector_21
 .text.__vector_22
                0x0000000000001366      0x110 TinyTimber.o
                0x0000000000001366                __vector_22
 .text.enqueueByDeadline
                0x0000000000001476       0xbc TinyTimber.o
                0x0000000000001476                enqueueByDeadline
 .text.enqueueByBaseline
                0x0000000000001532       0xbc TinyTimber.o
                0x0000000000001532                enqueueByBaseline
 .text.dequeue  0x00000000000015ee       0x7a TinyTimber.o
                0x00000000000015ee                dequeue
 .text.insert   0x0000000000001668       0x46 TinyTimber.o
                0x0000000000001668                insert
 .text.push     0x00000000000016ae       0x46 TinyTimber.o
                0x00000000000016ae                push
 .text.pop      0x00000000000016f4       0x44 TinyTimber.o
                0x00000000000016f4                pop
 .text.remove   0x0000000000001738       0xb2 TinyTimber.o
 .text.__vector_9
                0x00000000000017ea      0x11c TinyTimber.o
                0x00000000000017ea                __vector_9
 .text.__vector_7
                0x0000000000001906      0x1fe TinyTimber.o
                0x0000000000001906                __vector_7
 .text.dispatch
                0x0000000000001b04       0x46 TinyTimber.o
 .text.run      0x0000000000001b4a      0x13a TinyTimber.o
 .text.idle     0x0000000000001c84       0x1c TinyTimber.o
 .text.schedule
                0x0000000000001ca0       0xa8 TinyTimber.o
 .text.async    0x0000000000001d48      0x32e TinyTimber.o
                0x0000000000001d48                async
 .text.sync     0x0000000000002076      0x1a8 TinyTimber.o
                0x0000000000002076                sync
 .text.ABORT    0x000000000000221e       0xe4 TinyTimber.o
                0x000000000000221e                ABORT
 .text.T_RESET  0x0000000000002302       0x5e TinyTimber.o
                0x0000000000002302                T_RESET
 .text.T_SAMPLE
                0x0000000000002360       0x68 TinyTimber.o
                0x0000000000002360                T_SAMPLE
 .text.CURRENT_OFFSET
                0x00000000000023c8      0x112 TinyTimber.o
                0x00000000000023c8                CURRENT_OFFSET
 .text.initialize
                0x00000000000024da      0x1e2 TinyTimber.o
 .text.install  0x00000000000026bc       0x86 TinyTimber.o
                0x00000000000026bc                install
 .text.tinytimber
                0x0000000000002742       0x9e TinyTimber.o
                0x0000000000002742                tinytimber
 .text.updatePulseValue
                0x00000000000027e0       0x40 Generator.o
                0x00000000000027e0                updatePulseValue
 .text.getGeneratorNumber
                0x0000000000002820       0x28 Generator.o
                0x0000000000002820                getGeneratorNumber
 .text.getCurrentPulseValue
                0x0000000000002848       0x28 Generator.o
                0x0000000000002848                getCurrentPulseValue
 .text.getOldPulseValue
                0x0000000000002870       0x28 Generator.o
                0x0000000000002870                getOldPulseValue
 .text.digitLookUp
                0x0000000000002898       0xae GUI.o
                0x0000000000002898                digitLookUp
 .text.writeChar
                0x0000000000002946      0x19a GUI.o
                0x0000000000002946                writeChar
 .text.printAt  0x0000000000002ae0       0xba GUI.o
                0x0000000000002ae0                printAt
 .text.update_values
                0x0000000000002b9a       0xce GUI.o
                0x0000000000002b9a                update_values
 .text.modifyValues
                0x0000000000002c68      0x216 GUI.o
                0x0000000000002c68                modifyValues
 .text.repeatIncrease
                0x0000000000002e7e       0xd0 GUI.o
                0x0000000000002e7e                repeatIncrease
 .text.increaseValue
                0x0000000000002f4e       0x98 GUI.o
                0x0000000000002f4e                increaseValue
 .text.repeatDecrease
                0x0000000000002fe6       0xce GUI.o
                0x0000000000002fe6                repeatDecrease
 .text.decreaseValue
                0x00000000000030b4       0x98 GUI.o
                0x00000000000030b4                decreaseValue
 .text.libgcc.mul
                0x000000000000314c        0x0 /usr/lib/gcc/avr/5.4.0/avr5/libgcc.a(_divmodsi4.o)
 .text.libgcc.div
                0x000000000000314c       0x2e /usr/lib/gcc/avr/5.4.0/avr5/libgcc.a(_divmodsi4.o)
                0x000000000000314c                __divmodsi4
 .text.libgcc   0x000000000000317a        0x0 /usr/lib/gcc/avr/5.4.0/avr5/libgcc.a(_divmodsi4.o)
 .text.libgcc.prologue
                0x000000000000317a        0x0 /usr/lib/gcc/avr/5.4.0/avr5/libgcc.a(_divmodsi4.o)
 .text.libgcc.builtins
                0x000000000000317a        0x0 /usr/lib/gcc/avr/5.4.0/avr5/libgcc.a(_divmodsi4.o)
 .text.libgcc.fmul
                0x000000000000317a        0x0 /usr/lib/gcc/avr/5.4.0/avr5/libgcc.a(_divmodsi4.o)
 .text.libgcc.fixed
                0x000000000000317a        0x0 /usr/lib/gcc/avr/5.4.0/avr5/libgcc.a(_divmodsi4.o)
 .text.libgcc.mul
                0x000000000000317a        0x0 /usr/lib/gcc/avr/5.4.0/avr5/libgcc.a(_negsi2.o)
 .text.libgcc.div
                0x000000000000317a       0x10 /usr/lib/gcc/avr/5.4.0/avr5/libgcc.a(_negsi2.o)
                0x000000000000317a                __negsi2
 .text.libgcc   0x000000000000318a        0x0 /usr/lib/gcc/avr/5.4.0/avr5/libgcc.a(_negsi2.o)
 .text.libgcc.prologue
                0x000000000000318a        0x0 /usr/lib/gcc/avr/5.4.0/avr5/libgcc.a(_negsi2.o)
 .text.libgcc.builtins
                0x000000000000318a        0x0 /usr/lib/gcc/avr/5.4.0/avr5/libgcc.a(_negsi2.o)
 .text.libgcc.fmul
                0x000000000000318a        0x0 /usr/lib/gcc/avr/5.4.0/avr5/libgcc.a(_negsi2.o)
 .text.libgcc.fixed
                0x000000000000318a        0x0 /usr/lib/gcc/avr/5.4.0/avr5/libgcc.a(_negsi2.o)
 .text.libgcc.mul
                0x000000000000318a        0x0 /usr/lib/gcc/avr/5.4.0/avr5/libgcc.a(_exit.o)
 .text.libgcc.div
                0x000000000000318a        0x0 /usr/lib/gcc/avr/5.4.0/avr5/libgcc.a(_exit.o)
 .text.libgcc   0x000000000000318a        0x0 /usr/lib/gcc/avr/5.4.0/avr5/libgcc.a(_exit.o)
 .text.libgcc.prologue
                0x000000000000318a        0x0 /usr/lib/gcc/avr/5.4.0/avr5/libgcc.a(_exit.o)
 .text.libgcc.builtins
                0x000000000000318a        0x0 /usr/lib/gcc/avr/5.4.0/avr5/libgcc.a(_exit.o)
 .text.libgcc.fmul
                0x000000000000318a        0x0 /usr/lib/gcc/avr/5.4.0/avr5/libgcc.a(_exit.o)
 .text.libgcc.fixed
                0x000000000000318a        0x0 /usr/lib/gcc/avr/5.4.0/avr5/libgcc.a(_exit.o)
 .text.libgcc.mul
                0x000000000000318a        0x0 /usr/lib/gcc/avr/5.4.0/avr5/libgcc.a(_copy_data.o)
 .text.libgcc.div
                0x000000000000318a        0x0 /usr/lib/gcc/avr/5.4.0/avr5/libgcc.a(_copy_data.o)
 .text.libgcc   0x000000000000318a        0x0 /usr/lib/gcc/avr/5.4.0/avr5/libgcc.a(_copy_data.o)
 .text.libgcc.prologue
                0x000000000000318a        0x0 /usr/lib/gcc/avr/5.4.0/avr5/libgcc.a(_copy_data.o)
 .text.libgcc.builtins
                0x000000000000318a        0x0 /usr/lib/gcc/avr/5.4.0/avr5/libgcc.a(_copy_data.o)
 .text.libgcc.fmul
                0x000000000000318a        0x0 /usr/lib/gcc/avr/5.4.0/avr5/libgcc.a(_copy_data.o)
 .text.libgcc.fixed
                0x000000000000318a        0x0 /usr/lib/gcc/avr/5.4.0/avr5/libgcc.a(_copy_data.o)
 .text.libgcc.mul
                0x000000000000318a        0x0 /usr/lib/gcc/avr/5.4.0/avr5/libgcc.a(_clear_bss.o)
 .text.libgcc.div
                0x000000000000318a        0x0 /usr/lib/gcc/avr/5.4.0/avr5/libgcc.a(_clear_bss.o)
 .text.libgcc   0x000000000000318a        0x0 /usr/lib/gcc/avr/5.4.0/avr5/libgcc.a(_clear_bss.o)
 .text.libgcc.prologue
                0x000000000000318a        0x0 /usr/lib/gcc/avr/5.4.0/avr5/libgcc.a(_clear_bss.o)
 .text.libgcc.builtins
                0x000000000000318a        0x0 /usr/lib/gcc/avr/5.4.0/avr5/libgcc.a(_clear_bss.o)
 .text.libgcc.fmul
                0x000000000000318a        0x0 /usr/lib/gcc/avr/5.4.0/avr5/libgcc.a(_clear_bss.o)
 .text.libgcc.fixed
                0x000000000000318a        0x0 /usr/lib/gcc/avr/5.4.0/avr5/libgcc.a(_clear_bss.o)
 .text.libgcc.mul
                0x000000000000318a        0x0 /usr/lib/gcc/avr/5.4.0/avr5/libgcc.a(_udivmodsi4.o)
 .text.libgcc.div
                0x000000000000318a       0x44 /usr/lib/gcc/avr/5.4.0/avr5/libgcc.a(_udivmodsi4.o)
                0x000000000000318a                __udivmodsi4
 .text.libgcc   0x00000000000031ce        0x0 /usr/lib/gcc/avr/5.4.0/avr5/libgcc.a(_udivmodsi4.o)
 .text.libgcc.prologue
                0x00000000000031ce        0x0 /usr/lib/gcc/avr/5.4.0/avr5/libgcc.a(_udivmodsi4.o)
 .text.libgcc.builtins
                0x00000000000031ce        0x0 /usr/lib/gcc/avr/5.4.0/avr5/libgcc.a(_udivmodsi4.o)
 .text.libgcc.fmul
                0x00000000000031ce        0x0 /usr/lib/gcc/avr/5.4.0/avr5/libgcc.a(_udivmodsi4.o)
 .text.libgcc.fixed
                0x00000000000031ce        0x0 /usr/lib/gcc/avr/5.4.0/avr5/libgcc.a(_udivmodsi4.o)
 .text.avr-libc
                0x00000000000031ce       0x82 /usr/lib/gcc/avr/5.4.0/../../../avr/lib/avr5/libc.a(setjmp.o)
                0x00000000000031ce                setjmp
                0x000000000000320e                longjmp
                0x0000000000003250                . = ALIGN (0x2)
 *(.fini9)
 .fini9         0x0000000000003250        0x0 /usr/lib/gcc/avr/5.4.0/avr5/libgcc.a(_exit.o)
                0x0000000000003250                exit
                0x0000000000003250                _exit
 *(.fini9)
 *(.fini8)
 *(.fini8)
 *(.fini7)
 *(.fini7)
 *(.fini6)
 *(.fini6)
 *(.fini5)
 *(.fini5)
 *(.fini4)
 *(.fini4)
 *(.fini3)
 *(.fini3)
 *(.fini2)
 *(.fini2)
 *(.fini1)
 *(.fini1)
 *(.fini0)
 .fini0         0x0000000000003250        0x4 /usr/lib/gcc/avr/5.4.0/avr5/libgcc.a(_exit.o)
 *(.fini0)
                0x0000000000003254                _etext = .

.data           0x0000000000800100       0x24 load address 0x0000000000003254
                0x0000000000800100                PROVIDE (__data_start, .)
 *(.data)
 .data          0x0000000000800100        0x0 /usr/lib/gcc/avr/5.4.0/../../../avr/lib/avr5/crtatmega169.o
 .data          0x0000000000800100        0x0 main.o
 .data          0x0000000000800100        0x0 init_lcd.o
 .data          0x0000000000800100        0x0 init_buttons.o
 .data          0x0000000000800100        0x0 Writer.o
 .data          0x0000000000800100        0x0 TinyTimber.o
 .data          0x0000000000800100        0x0 Generator.o
 .data          0x0000000000800100        0x0 GUI.o
 .data          0x0000000000800100        0x0 /usr/lib/gcc/avr/5.4.0/avr5/libgcc.a(_divmodsi4.o)
 .data          0x0000000000800100        0x0 /usr/lib/gcc/avr/5.4.0/avr5/libgcc.a(_negsi2.o)
 .data          0x0000000000800100        0x0 /usr/lib/gcc/avr/5.4.0/avr5/libgcc.a(_exit.o)
 .data          0x0000000000800100        0x0 /usr/lib/gcc/avr/5.4.0/avr5/libgcc.a(_copy_data.o)
 .data          0x0000000000800100        0x0 /usr/lib/gcc/avr/5.4.0/avr5/libgcc.a(_clear_bss.o)
 .data          0x0000000000800100        0x0 /usr/lib/gcc/avr/5.4.0/avr5/libgcc.a(_udivmodsi4.o)
 .data          0x0000000000800100        0x0 /usr/lib/gcc/avr/5.4.0/../../../avr/lib/avr5/libc.a(setjmp.o)
 *(.data*)
 .data.gen1     0x0000000000800100        0x7 main.o
                0x0000000000800100                gen1
 .data.gen2     0x0000000000800107        0x7 main.o
                0x0000000000800107                gen2
 .data.gui      0x000000000080010e        0xd main.o
                0x000000000080010e                gui
 .data.msgPool  0x000000000080011b        0x2 TinyTimber.o
                0x000000000080011b                msgPool
 .data.threadPool
                0x000000000080011d        0x2 TinyTimber.o
                0x000000000080011d                threadPool
 .data.activeStack
                0x000000000080011f        0x2 TinyTimber.o
                0x000000000080011f                activeStack
 .data.current  0x0000000000800121        0x2 TinyTimber.o
                0x0000000000800121                current
 *(.gnu.linkonce.d*)
 *(.rodata)
 *(.rodata*)
 *(.gnu.linkonce.r*)
                0x0000000000800124                . = ALIGN (0x2)
 *fill*         0x0000000000800123        0x1 
                0x0000000000800124                _edata = .
                0x0000000000800124                PROVIDE (__data_end, .)

.bss            0x0000000000800124      0x353
                0x0000000000800124                PROVIDE (__bss_start, .)
 *(.bss)
 .bss           0x0000000000800124        0x0 /usr/lib/gcc/avr/5.4.0/../../../avr/lib/avr5/crtatmega169.o
 .bss           0x0000000000800124        0x0 main.o
 .bss           0x0000000000800124        0x0 init_lcd.o
 .bss           0x0000000000800124        0x0 init_buttons.o
 .bss           0x0000000000800124        0x0 Writer.o
 .bss           0x0000000000800124        0x0 TinyTimber.o
 .bss           0x0000000000800124        0x0 Generator.o
 .bss           0x0000000000800124        0x0 GUI.o
 .bss           0x0000000000800124        0x0 /usr/lib/gcc/avr/5.4.0/avr5/libgcc.a(_divmodsi4.o)
 .bss           0x0000000000800124        0x0 /usr/lib/gcc/avr/5.4.0/avr5/libgcc.a(_negsi2.o)
 .bss           0x0000000000800124        0x0 /usr/lib/gcc/avr/5.4.0/avr5/libgcc.a(_exit.o)
 .bss           0x0000000000800124        0x0 /usr/lib/gcc/avr/5.4.0/avr5/libgcc.a(_copy_data.o)
 .bss           0x0000000000800124        0x0 /usr/lib/gcc/avr/5.4.0/avr5/libgcc.a(_clear_bss.o)
 .bss           0x0000000000800124        0x0 /usr/lib/gcc/avr/5.4.0/avr5/libgcc.a(_udivmodsi4.o)
 .bss           0x0000000000800124        0x0 /usr/lib/gcc/avr/5.4.0/../../../avr/lib/avr5/libc.a(setjmp.o)
 *(.bss*)
 .bss.msgQ      0x0000000000800124        0x2 TinyTimber.o
                0x0000000000800124                msgQ
 .bss.timerQ    0x0000000000800126        0x2 TinyTimber.o
                0x0000000000800126                timerQ
 .bss.timestamp
                0x0000000000800128        0x4 TinyTimber.o
                0x0000000000800128                timestamp
 .bss.overflows
                0x000000000080012c        0x2 TinyTimber.o
                0x000000000080012c                overflows
 *(COMMON)
 COMMON         0x000000000080012e      0x349 TinyTimber.o
                0x000000000080012e                otable
                0x0000000000800152                threads
                0x00000000008001c6                mtable
                0x00000000008001ea                thread0
                0x0000000000800207                messages
                0x00000000008002f7                stacks
                0x0000000000800477                PROVIDE (__bss_end, .)
                0x0000000000003254                __data_load_start = LOADADDR (.data)
                0x0000000000003278                __data_load_end = (__data_load_start + SIZEOF (.data))

.noinit         0x0000000000800477        0x0
                [!provide]                        PROVIDE (__noinit_start, .)
 *(.noinit*)
                [!provide]                        PROVIDE (__noinit_end, .)
                0x0000000000800477                _end = .
                [!provide]                        PROVIDE (__heap_start, .)

.eeprom         0x0000000000810000        0x0
 *(.eeprom*)
                0x0000000000810000                __eeprom_end = .

.fuse
 *(.fuse)
 *(.lfuse)
 *(.hfuse)
 *(.efuse)

.lock
 *(.lock*)

.signature
 *(.signature*)

.user_signatures
 *(.user_signatures*)

.stab           0x0000000000000000     0x3a8c
 *(.stab)
 .stab          0x0000000000000000      0x5ac main.o
 .stab          0x00000000000005ac      0x30c init_lcd.o
                                        0x4d4 (size before relaxing)
 .stab          0x00000000000008b8      0x318 init_buttons.o
                                        0x4e0 (size before relaxing)
 .stab          0x0000000000000bd0      0x270 Writer.o
                                        0x27c (size before relaxing)
 .stab          0x0000000000000e40     0x1c38 TinyTimber.o
                                       0x1e54 (size before relaxing)
 .stab          0x0000000000002a78      0x498 Generator.o
                                        0x6cc (size before relaxing)
 .stab          0x0000000000002f10      0xb7c GUI.o
                                        0xdc8 (size before relaxing)

.stabstr        0x0000000000000000     0x1975
 *(.stabstr)
 .stabstr       0x0000000000000000     0x1975 main.o

.stab.excl
 *(.stab.excl)

.stab.exclstr
 *(.stab.exclstr)

.stab.index
 *(.stab.index)

.stab.indexstr
 *(.stab.indexstr)

.comment        0x0000000000000000       0x11
 *(.comment)
 .comment       0x0000000000000000       0x11 main.o
                                         0x12 (size before relaxing)
 .comment       0x0000000000000011       0x12 init_lcd.o
 .comment       0x0000000000000011       0x12 init_buttons.o
 .comment       0x0000000000000011       0x12 Writer.o
 .comment       0x0000000000000011       0x12 TinyTimber.o
 .comment       0x0000000000000011       0x12 Generator.o
 .comment       0x0000000000000011       0x12 GUI.o

.note.gnu.avr.deviceinfo
                0x0000000000000000       0x3c
 .note.gnu.avr.deviceinfo
                0x0000000000000000       0x3c /usr/lib/gcc/avr/5.4.0/../../../avr/lib/avr5/crtatmega169.o

.note.gnu.build-id
 *(.note.gnu.build-id)

.debug
 *(.debug)

.line
 *(.line)

.debug_srcinfo
 *(.debug_srcinfo)

.debug_sfnames
 *(.debug_sfnames)

.debug_aranges
 *(.debug_aranges)

.debug_pubnames
 *(.debug_pubnames)

.debug_info
 *(.debug_info .gnu.linkonce.wi.*)

.debug_abbrev
 *(.debug_abbrev)

.debug_line
 *(.debug_line .debug_line.* .debug_line_end)

.debug_frame
 *(.debug_frame)

.debug_str
 *(.debug_str)

.debug_loc
 *(.debug_loc)

.debug_macinfo
 *(.debug_macinfo)

.debug_weaknames
 *(.debug_weaknames)

.debug_funcnames
 *(.debug_funcnames)

.debug_typenames
 *(.debug_typenames)

.debug_varnames
 *(.debug_varnames)

.debug_pubtypes
 *(.debug_pubtypes)

.debug_ranges
 *(.debug_ranges)

.debug_macro
 *(.debug_macro)
OUTPUT(D0003E_Lab_4.elf elf32-avr)
LOAD linker stubs
