Archive member included to satisfy reference by file (symbol)

/usr/lib/gcc/avr/5.4.0/avr5/libgcc.a(_divmodsi4.o)
                              Generator.o (__divmodsi4)
/usr/lib/gcc/avr/5.4.0/avr5/libgcc.a(_negsi2.o)
                              /usr/lib/gcc/avr/5.4.0/avr5/libgcc.a(_divmodsi4.o) (__negsi2)
/usr/lib/gcc/avr/5.4.0/avr5/libgcc.a(_exit.o)
                              /usr/lib/gcc/avr/5.4.0/../../../avr/lib/avr5/crtatmega169.o (exit)
/usr/lib/gcc/avr/5.4.0/avr5/libgcc.a(_copy_data.o)
                              main.o (__do_copy_data)
/usr/lib/gcc/avr/5.4.0/avr5/libgcc.a(_clear_bss.o)
                              main.o (__do_clear_bss)
/usr/lib/gcc/avr/5.4.0/avr5/libgcc.a(_udivmodsi4.o)
                              /usr/lib/gcc/avr/5.4.0/avr5/libgcc.a(_divmodsi4.o) (__udivmodsi4)
/usr/lib/gcc/avr/5.4.0/../../../avr/lib/avr5/libc.a(setjmp.o)
                              TinyTimber.o (setjmp)

Allocating common symbols
Common symbol       size              file

otable              0x24              TinyTimber.o
threads             0x74              TinyTimber.o
mtable              0x24              TinyTimber.o
thread0             0x1d              TinyTimber.o
messages            0xf0              TinyTimber.o
stacks              0x180             TinyTimber.o

Memory Configuration

Name             Origin             Length             Attributes
text             0x0000000000000000 0x0000000000020000 xr
data             0x0000000000800060 0x000000000000ffa0 rw !x
eeprom           0x0000000000810000 0x0000000000010000 rw !x
fuse             0x0000000000820000 0x0000000000000003 rw !x
lock             0x0000000000830000 0x0000000000000400 rw !x
signature        0x0000000000840000 0x0000000000000400 rw !x
user_signatures  0x0000000000850000 0x0000000000000400 rw !x
*default*        0x0000000000000000 0xffffffffffffffff

Linker script and memory map

Address of section .data set to 0x800100
LOAD /usr/lib/gcc/avr/5.4.0/../../../avr/lib/avr5/crtatmega169.o
LOAD main.o
LOAD init_lcd.o
LOAD init_buttons.o
LOAD Writer.o
LOAD TinyTimber.o
LOAD Generator.o
LOAD GUI.o
START GROUP
LOAD /usr/lib/gcc/avr/5.4.0/avr5/libgcc.a
LOAD /usr/lib/gcc/avr/5.4.0/../../../avr/lib/avr5/libm.a
LOAD /usr/lib/gcc/avr/5.4.0/../../../avr/lib/avr5/libc.a
LOAD /usr/lib/gcc/avr/5.4.0/../../../avr/lib/avr5/libatmega169.a
END GROUP
                0x0000000000000000                __TEXT_REGION_ORIGIN__ = DEFINED (__TEXT_REGION_ORIGIN__)?__TEXT_REGION_ORIGIN__:0x0
                0x0000000000800060                __DATA_REGION_ORIGIN__ = DEFINED (__DATA_REGION_ORIGIN__)?__DATA_REGION_ORIGIN__:0x800060
                0x0000000000020000                __TEXT_REGION_LENGTH__ = DEFINED (__TEXT_REGION_LENGTH__)?__TEXT_REGION_LENGTH__:0x20000
                0x000000000000ffa0                __DATA_REGION_LENGTH__ = DEFINED (__DATA_REGION_LENGTH__)?__DATA_REGION_LENGTH__:0xffa0
                0x0000000000010000                __EEPROM_REGION_LENGTH__ = DEFINED (__EEPROM_REGION_LENGTH__)?__EEPROM_REGION_LENGTH__:0x10000
                [0x0000000000000003]                __FUSE_REGION_LENGTH__ = DEFINED (__FUSE_REGION_LENGTH__)?__FUSE_REGION_LENGTH__:0x400
                0x0000000000000400                __LOCK_REGION_LENGTH__ = DEFINED (__LOCK_REGION_LENGTH__)?__LOCK_REGION_LENGTH__:0x400
                0x0000000000000400                __SIGNATURE_REGION_LENGTH__ = DEFINED (__SIGNATURE_REGION_LENGTH__)?__SIGNATURE_REGION_LENGTH__:0x400
                0x0000000000000400                __USER_SIGNATURE_REGION_LENGTH__ = DEFINED (__USER_SIGNATURE_REGION_LENGTH__)?__USER_SIGNATURE_REGION_LENGTH__:0x400

.hash
 *(.hash)

.dynsym
 *(.dynsym)

.dynstr
 *(.dynstr)

.gnu.version
 *(.gnu.version)

.gnu.version_d
 *(.gnu.version_d)

.gnu.version_r
 *(.gnu.version_r)

.rel.init
 *(.rel.init)

.rela.init
 *(.rela.init)

.rel.text
 *(.rel.text)
 *(.rel.text.*)
 *(.rel.gnu.linkonce.t*)

.rela.text
 *(.rela.text)
 *(.rela.text.*)
 *(.rela.gnu.linkonce.t*)

.rel.fini
 *(.rel.fini)

.rela.fini
 *(.rela.fini)

.rel.rodata
 *(.rel.rodata)
 *(.rel.rodata.*)
 *(.rel.gnu.linkonce.r*)

.rela.rodata
 *(.rela.rodata)
 *(.rela.rodata.*)
 *(.rela.gnu.linkonce.r*)

.rel.data
 *(.rel.data)
 *(.rel.data.*)
 *(.rel.gnu.linkonce.d*)

.rela.data
 *(.rela.data)
 *(.rela.data.*)
 *(.rela.gnu.linkonce.d*)

.rel.ctors
 *(.rel.ctors)

.rela.ctors
 *(.rela.ctors)

.rel.dtors
 *(.rel.dtors)

.rela.dtors
 *(.rela.dtors)

.rel.got
 *(.rel.got)

.rela.got
 *(.rela.got)

.rel.bss
 *(.rel.bss)

.rela.bss
 *(.rela.bss)

.rel.plt
 *(.rel.plt)

.rela.plt
 *(.rela.plt)

.text           0x0000000000000000     0x3472
 *(.vectors)
 .vectors       0x0000000000000000       0x5c /usr/lib/gcc/avr/5.4.0/../../../avr/lib/avr5/crtatmega169.o
                0x0000000000000000                __vectors
                0x0000000000000000                __vector_default
 *(.vectors)
 *(.progmem.gcc*)
                0x000000000000005c                . = ALIGN (0x2)
                0x000000000000005c                __trampolines_start = .
 *(.trampolines)
 .trampolines   0x000000000000005c        0x0 linker stubs
 *(.trampolines*)
                0x000000000000005c                __trampolines_end = .
 *libprintf_flt.a:*(.progmem.data)
 *libc.a:*(.progmem.data)
 *(.progmem*)
                0x000000000000005c                . = ALIGN (0x2)
 *(.jumptables)
 *(.jumptables*)
 *(.lowtext)
 *(.lowtext*)
                0x000000000000005c                __ctors_start = .
 *(.ctors)
                0x000000000000005c                __ctors_end = .
                0x000000000000005c                __dtors_start = .
 *(.dtors)
                0x000000000000005c                __dtors_end = .
 SORT(*)(.ctors)
 SORT(*)(.dtors)
 *(.init0)
 .init0         0x000000000000005c        0x0 /usr/lib/gcc/avr/5.4.0/../../../avr/lib/avr5/crtatmega169.o
                0x000000000000005c                __init
 *(.init0)
 *(.init1)
 *(.init1)
 *(.init2)
 .init2         0x000000000000005c        0xc /usr/lib/gcc/avr/5.4.0/../../../avr/lib/avr5/crtatmega169.o
 *(.init2)
 *(.init3)
 *(.init3)
 *(.init4)
 .init4         0x0000000000000068       0x16 /usr/lib/gcc/avr/5.4.0/avr5/libgcc.a(_copy_data.o)
                0x0000000000000068                __do_copy_data
 .init4         0x000000000000007e       0x10 /usr/lib/gcc/avr/5.4.0/avr5/libgcc.a(_clear_bss.o)
                0x000000000000007e                __do_clear_bss
 *(.init4)
 *(.init5)
 *(.init5)
 *(.init6)
 *(.init6)
 *(.init7)
 *(.init7)
 *(.init8)
 *(.init8)
 *(.init9)
 .init9         0x000000000000008e        0x8 /usr/lib/gcc/avr/5.4.0/../../../avr/lib/avr5/crtatmega169.o
 *(.init9)
 *(.text)
 .text          0x0000000000000096        0x4 /usr/lib/gcc/avr/5.4.0/../../../avr/lib/avr5/crtatmega169.o
                0x0000000000000096                __bad_interrupt
                0x0000000000000096                __vector_6
                0x0000000000000096                __vector_8
 .text          0x000000000000009a        0x0 main.o
 .text          0x000000000000009a        0x0 init_lcd.o
 .text          0x000000000000009a        0x0 init_buttons.o
 .text          0x000000000000009a        0x0 Writer.o
 .text          0x000000000000009a        0x0 TinyTimber.o
 .text          0x000000000000009a        0x0 Generator.o
 .text          0x000000000000009a        0x0 GUI.o
 .text          0x000000000000009a        0x0 /usr/lib/gcc/avr/5.4.0/avr5/libgcc.a(_divmodsi4.o)
 .text          0x000000000000009a        0x0 /usr/lib/gcc/avr/5.4.0/avr5/libgcc.a(_negsi2.o)
 .text          0x000000000000009a        0x0 /usr/lib/gcc/avr/5.4.0/avr5/libgcc.a(_exit.o)
 .text          0x000000000000009a        0x0 /usr/lib/gcc/avr/5.4.0/avr5/libgcc.a(_copy_data.o)
 .text          0x000000000000009a        0x0 /usr/lib/gcc/avr/5.4.0/avr5/libgcc.a(_clear_bss.o)
 .text          0x000000000000009a        0x0 /usr/lib/gcc/avr/5.4.0/avr5/libgcc.a(_udivmodsi4.o)
 .text          0x000000000000009a        0x0 /usr/lib/gcc/avr/5.4.0/../../../avr/lib/avr5/libc.a(setjmp.o)
                0x000000000000009a                . = ALIGN (0x2)
 *(.text.*)
 .text.main     0x000000000000009a       0x54 main.o
                0x000000000000009a                main
 .text.init_lcd
                0x00000000000000ee       0x38 init_lcd.o
                0x00000000000000ee                init_lcd
 .text.init_buttons
                0x0000000000000126       0x42 init_buttons.o
                0x0000000000000126                init_buttons
 .text.writeToPort
                0x0000000000000168       0x50 Writer.o
                0x0000000000000168                writeToPort
 .text.disableOutput
                0x00000000000001b8       0x6a Writer.o
                0x00000000000001b8                disableOutput
 .text.__vector_1
                0x0000000000000222      0x110 TinyTimber.o
                0x0000000000000222                __vector_1
 .text.__vector_2
                0x0000000000000332      0x110 TinyTimber.o
                0x0000000000000332                __vector_2
 .text.__vector_3
                0x0000000000000442      0x110 TinyTimber.o
                0x0000000000000442                __vector_3
 .text.__vector_4
                0x0000000000000552      0x110 TinyTimber.o
                0x0000000000000552                __vector_4
 .text.__vector_5
                0x0000000000000662      0x110 TinyTimber.o
                0x0000000000000662                __vector_5
 .text.__vector_10
                0x0000000000000772      0x110 TinyTimber.o
                0x0000000000000772                __vector_10
 .text.__vector_11
                0x0000000000000882      0x110 TinyTimber.o
                0x0000000000000882                __vector_11
 .text.__vector_12
                0x0000000000000992      0x110 TinyTimber.o
                0x0000000000000992                __vector_12
 .text.__vector_13
                0x0000000000000aa2      0x110 TinyTimber.o
                0x0000000000000aa2                __vector_13
 .text.__vector_14
                0x0000000000000bb2      0x110 TinyTimber.o
                0x0000000000000bb2                __vector_14
 .text.__vector_15
                0x0000000000000cc2      0x110 TinyTimber.o
                0x0000000000000cc2                __vector_15
 .text.__vector_16
                0x0000000000000dd2      0x110 TinyTimber.o
                0x0000000000000dd2                __vector_16
 .text.__vector_17
                0x0000000000000ee2      0x110 TinyTimber.o
                0x0000000000000ee2                __vector_17
 .text.__vector_18
                0x0000000000000ff2      0x110 TinyTimber.o
                0x0000000000000ff2                __vector_18
 .text.__vector_19
                0x0000000000001102      0x110 TinyTimber.o
                0x0000000000001102                __vector_19
 .text.__vector_20
                0x0000000000001212      0x110 TinyTimber.o
                0x0000000000001212                __vector_20
 .text.__vector_21
                0x0000000000001322      0x110 TinyTimber.o
                0x0000000000001322                __vector_21
 .text.__vector_22
                0x0000000000001432      0x110 TinyTimber.o
                0x0000000000001432                __vector_22
 .text.enqueueByDeadline
                0x0000000000001542       0xbc TinyTimber.o
                0x0000000000001542                enqueueByDeadline
 .text.enqueueByBaseline
                0x00000000000015fe       0xbc TinyTimber.o
                0x00000000000015fe                enqueueByBaseline
 .text.dequeue  0x00000000000016ba       0x7a TinyTimber.o
                0x00000000000016ba                dequeue
 .text.insert   0x0000000000001734       0x46 TinyTimber.o
                0x0000000000001734                insert
 .text.push     0x000000000000177a       0x46 TinyTimber.o
                0x000000000000177a                push
 .text.pop      0x00000000000017c0       0x44 TinyTimber.o
                0x00000000000017c0                pop
 .text.remove   0x0000000000001804       0xb2 TinyTimber.o
 .text.__vector_9
                0x00000000000018b6      0x11c TinyTimber.o
                0x00000000000018b6                __vector_9
 .text.__vector_7
                0x00000000000019d2      0x1fe TinyTimber.o
                0x00000000000019d2                __vector_7
 .text.dispatch
                0x0000000000001bd0       0x46 TinyTimber.o
 .text.run      0x0000000000001c16      0x13a TinyTimber.o
 .text.idle     0x0000000000001d50       0x1c TinyTimber.o
 .text.schedule
                0x0000000000001d6c       0xa8 TinyTimber.o
 .text.async    0x0000000000001e14      0x32e TinyTimber.o
                0x0000000000001e14                async
 .text.sync     0x0000000000002142      0x1a8 TinyTimber.o
                0x0000000000002142                sync
 .text.ABORT    0x00000000000022ea       0xe4 TinyTimber.o
                0x00000000000022ea                ABORT
 .text.T_RESET  0x00000000000023ce       0x5e TinyTimber.o
                0x00000000000023ce                T_RESET
 .text.T_SAMPLE
                0x000000000000242c       0x68 TinyTimber.o
                0x000000000000242c                T_SAMPLE
 .text.CURRENT_OFFSET
                0x0000000000002494      0x112 TinyTimber.o
                0x0000000000002494                CURRENT_OFFSET
 .text.initialize
                0x00000000000025a6      0x1e2 TinyTimber.o
 .text.install  0x0000000000002788       0x86 TinyTimber.o
                0x0000000000002788                install
 .text.tinytimber
                0x000000000000280e       0x9e TinyTimber.o
                0x000000000000280e                tinytimber
 .text.updatePulseValue
                0x00000000000028ac       0x7a Generator.o
                0x00000000000028ac                updatePulseValue
 .text.increaseFrequency
                0x0000000000002926       0x64 Generator.o
                0x0000000000002926                increaseFrequency
 .text.decreaseFrequency
                0x000000000000298a       0x3e Generator.o
                0x000000000000298a                decreaseFrequency
 .text.updateWriter
                0x00000000000029c8       0xdc Generator.o
                0x00000000000029c8                updateWriter
 .text.digitLookUp
                0x0000000000002aa4       0xae GUI.o
                0x0000000000002aa4                digitLookUp
 .text.writeChar
                0x0000000000002b52      0x19a GUI.o
                0x0000000000002b52                writeChar
 .text.printAt  0x0000000000002cec       0xba GUI.o
                0x0000000000002cec                printAt
 .text.update_values
                0x0000000000002da6       0xda GUI.o
                0x0000000000002da6                update_values
 .text.changeGenerator
                0x0000000000002e80       0x9e GUI.o
                0x0000000000002e80                changeGenerator
 .text.modifyValues
                0x0000000000002f1e      0x172 GUI.o
                0x0000000000002f1e                modifyValues
 .text.repeatIncrease
                0x0000000000003090       0xd0 GUI.o
                0x0000000000003090                repeatIncrease
 .text.increaseValue
                0x0000000000003160       0x9e GUI.o
                0x0000000000003160                increaseValue
 .text.repeatDecrease
                0x00000000000031fe       0xce GUI.o
                0x00000000000031fe                repeatDecrease
 .text.decreaseValue
                0x00000000000032cc       0x9e GUI.o
                0x00000000000032cc                decreaseValue
 .text.libgcc.mul
                0x000000000000336a        0x0 /usr/lib/gcc/avr/5.4.0/avr5/libgcc.a(_divmodsi4.o)
 .text.libgcc.div
                0x000000000000336a       0x2e /usr/lib/gcc/avr/5.4.0/avr5/libgcc.a(_divmodsi4.o)
                0x000000000000336a                __divmodsi4
 .text.libgcc   0x0000000000003398        0x0 /usr/lib/gcc/avr/5.4.0/avr5/libgcc.a(_divmodsi4.o)
 .text.libgcc.prologue
                0x0000000000003398        0x0 /usr/lib/gcc/avr/5.4.0/avr5/libgcc.a(_divmodsi4.o)
 .text.libgcc.builtins
                0x0000000000003398        0x0 /usr/lib/gcc/avr/5.4.0/avr5/libgcc.a(_divmodsi4.o)
 .text.libgcc.fmul
                0x0000000000003398        0x0 /usr/lib/gcc/avr/5.4.0/avr5/libgcc.a(_divmodsi4.o)
 .text.libgcc.fixed
                0x0000000000003398        0x0 /usr/lib/gcc/avr/5.4.0/avr5/libgcc.a(_divmodsi4.o)
 .text.libgcc.mul
                0x0000000000003398        0x0 /usr/lib/gcc/avr/5.4.0/avr5/libgcc.a(_negsi2.o)
 .text.libgcc.div
                0x0000000000003398       0x10 /usr/lib/gcc/avr/5.4.0/avr5/libgcc.a(_negsi2.o)
                0x0000000000003398                __negsi2
 .text.libgcc   0x00000000000033a8        0x0 /usr/lib/gcc/avr/5.4.0/avr5/libgcc.a(_negsi2.o)
 .text.libgcc.prologue
                0x00000000000033a8        0x0 /usr/lib/gcc/avr/5.4.0/avr5/libgcc.a(_negsi2.o)
 .text.libgcc.builtins
                0x00000000000033a8        0x0 /usr/lib/gcc/avr/5.4.0/avr5/libgcc.a(_negsi2.o)
 .text.libgcc.fmul
                0x00000000000033a8        0x0 /usr/lib/gcc/avr/5.4.0/avr5/libgcc.a(_negsi2.o)
 .text.libgcc.fixed
                0x00000000000033a8        0x0 /usr/lib/gcc/avr/5.4.0/avr5/libgcc.a(_negsi2.o)
 .text.libgcc.mul
                0x00000000000033a8        0x0 /usr/lib/gcc/avr/5.4.0/avr5/libgcc.a(_exit.o)
 .text.libgcc.div
                0x00000000000033a8        0x0 /usr/lib/gcc/avr/5.4.0/avr5/libgcc.a(_exit.o)
 .text.libgcc   0x00000000000033a8        0x0 /usr/lib/gcc/avr/5.4.0/avr5/libgcc.a(_exit.o)
 .text.libgcc.prologue
                0x00000000000033a8        0x0 /usr/lib/gcc/avr/5.4.0/avr5/libgcc.a(_exit.o)
 .text.libgcc.builtins
                0x00000000000033a8        0x0 /usr/lib/gcc/avr/5.4.0/avr5/libgcc.a(_exit.o)
 .text.libgcc.fmul
                0x00000000000033a8        0x0 /usr/lib/gcc/avr/5.4.0/avr5/libgcc.a(_exit.o)
 .text.libgcc.fixed
                0x00000000000033a8        0x0 /usr/lib/gcc/avr/5.4.0/avr5/libgcc.a(_exit.o)
 .text.libgcc.mul
                0x00000000000033a8        0x0 /usr/lib/gcc/avr/5.4.0/avr5/libgcc.a(_copy_data.o)
 .text.libgcc.div
                0x00000000000033a8        0x0 /usr/lib/gcc/avr/5.4.0/avr5/libgcc.a(_copy_data.o)
 .text.libgcc   0x00000000000033a8        0x0 /usr/lib/gcc/avr/5.4.0/avr5/libgcc.a(_copy_data.o)
 .text.libgcc.prologue
                0x00000000000033a8        0x0 /usr/lib/gcc/avr/5.4.0/avr5/libgcc.a(_copy_data.o)
 .text.libgcc.builtins
                0x00000000000033a8        0x0 /usr/lib/gcc/avr/5.4.0/avr5/libgcc.a(_copy_data.o)
 .text.libgcc.fmul
                0x00000000000033a8        0x0 /usr/lib/gcc/avr/5.4.0/avr5/libgcc.a(_copy_data.o)
 .text.libgcc.fixed
                0x00000000000033a8        0x0 /usr/lib/gcc/avr/5.4.0/avr5/libgcc.a(_copy_data.o)
 .text.libgcc.mul
                0x00000000000033a8        0x0 /usr/lib/gcc/avr/5.4.0/avr5/libgcc.a(_clear_bss.o)
 .text.libgcc.div
                0x00000000000033a8        0x0 /usr/lib/gcc/avr/5.4.0/avr5/libgcc.a(_clear_bss.o)
 .text.libgcc   0x00000000000033a8        0x0 /usr/lib/gcc/avr/5.4.0/avr5/libgcc.a(_clear_bss.o)
 .text.libgcc.prologue
                0x00000000000033a8        0x0 /usr/lib/gcc/avr/5.4.0/avr5/libgcc.a(_clear_bss.o)
 .text.libgcc.builtins
                0x00000000000033a8        0x0 /usr/lib/gcc/avr/5.4.0/avr5/libgcc.a(_clear_bss.o)
 .text.libgcc.fmul
                0x00000000000033a8        0x0 /usr/lib/gcc/avr/5.4.0/avr5/libgcc.a(_clear_bss.o)
 .text.libgcc.fixed
                0x00000000000033a8        0x0 /usr/lib/gcc/avr/5.4.0/avr5/libgcc.a(_clear_bss.o)
 .text.libgcc.mul
                0x00000000000033a8        0x0 /usr/lib/gcc/avr/5.4.0/avr5/libgcc.a(_udivmodsi4.o)
 .text.libgcc.div
                0x00000000000033a8       0x44 /usr/lib/gcc/avr/5.4.0/avr5/libgcc.a(_udivmodsi4.o)
                0x00000000000033a8                __udivmodsi4
 .text.libgcc   0x00000000000033ec        0x0 /usr/lib/gcc/avr/5.4.0/avr5/libgcc.a(_udivmodsi4.o)
 .text.libgcc.prologue
                0x00000000000033ec        0x0 /usr/lib/gcc/avr/5.4.0/avr5/libgcc.a(_udivmodsi4.o)
 .text.libgcc.builtins
                0x00000000000033ec        0x0 /usr/lib/gcc/avr/5.4.0/avr5/libgcc.a(_udivmodsi4.o)
 .text.libgcc.fmul
                0x00000000000033ec        0x0 /usr/lib/gcc/avr/5.4.0/avr5/libgcc.a(_udivmodsi4.o)
 .text.libgcc.fixed
                0x00000000000033ec        0x0 /usr/lib/gcc/avr/5.4.0/avr5/libgcc.a(_udivmodsi4.o)
 .text.avr-libc
                0x00000000000033ec       0x82 /usr/lib/gcc/avr/5.4.0/../../../avr/lib/avr5/libc.a(setjmp.o)
                0x00000000000033ec                setjmp
                0x000000000000342c                longjmp
                0x000000000000346e                . = ALIGN (0x2)
 *(.fini9)
 .fini9         0x000000000000346e        0x0 /usr/lib/gcc/avr/5.4.0/avr5/libgcc.a(_exit.o)
                0x000000000000346e                exit
                0x000000000000346e                _exit
 *(.fini9)
 *(.fini8)
 *(.fini8)
 *(.fini7)
 *(.fini7)
 *(.fini6)
 *(.fini6)
 *(.fini5)
 *(.fini5)
 *(.fini4)
 *(.fini4)
 *(.fini3)
 *(.fini3)
 *(.fini2)
 *(.fini2)
 *(.fini1)
 *(.fini1)
 *(.fini0)
 .fini0         0x000000000000346e        0x4 /usr/lib/gcc/avr/5.4.0/avr5/libgcc.a(_exit.o)
 *(.fini0)
                0x0000000000003472                _etext = .

.data           0x0000000000800100       0x2a load address 0x0000000000003472
                0x0000000000800100                PROVIDE (__data_start, .)
 *(.data)
 .data          0x0000000000800100        0x0 /usr/lib/gcc/avr/5.4.0/../../../avr/lib/avr5/crtatmega169.o
 .data          0x0000000000800100        0x0 main.o
 .data          0x0000000000800100        0x0 init_lcd.o
 .data          0x0000000000800100        0x0 init_buttons.o
 .data          0x0000000000800100        0x0 Writer.o
 .data          0x0000000000800100        0x0 TinyTimber.o
 .data          0x0000000000800100        0x0 Generator.o
 .data          0x0000000000800100        0x0 GUI.o
 .data          0x0000000000800100        0x0 /usr/lib/gcc/avr/5.4.0/avr5/libgcc.a(_divmodsi4.o)
 .data          0x0000000000800100        0x0 /usr/lib/gcc/avr/5.4.0/avr5/libgcc.a(_negsi2.o)
 .data          0x0000000000800100        0x0 /usr/lib/gcc/avr/5.4.0/avr5/libgcc.a(_exit.o)
 .data          0x0000000000800100        0x0 /usr/lib/gcc/avr/5.4.0/avr5/libgcc.a(_copy_data.o)
 .data          0x0000000000800100        0x0 /usr/lib/gcc/avr/5.4.0/avr5/libgcc.a(_clear_bss.o)
 .data          0x0000000000800100        0x0 /usr/lib/gcc/avr/5.4.0/avr5/libgcc.a(_udivmodsi4.o)
 .data          0x0000000000800100        0x0 /usr/lib/gcc/avr/5.4.0/../../../avr/lib/avr5/libc.a(setjmp.o)
 *(.data*)
 .data.gen1     0x0000000000800100        0xa main.o
                0x0000000000800100                gen1
 .data.gen2     0x000000000080010a        0xa main.o
                0x000000000080010a                gen2
 .data.gui      0x0000000000800114        0xe main.o
                0x0000000000800114                gui
 .data.msgPool  0x0000000000800122        0x2 TinyTimber.o
                0x0000000000800122                msgPool
 .data.threadPool
                0x0000000000800124        0x2 TinyTimber.o
                0x0000000000800124                threadPool
 .data.activeStack
                0x0000000000800126        0x2 TinyTimber.o
                0x0000000000800126                activeStack
 .data.current  0x0000000000800128        0x2 TinyTimber.o
                0x0000000000800128                current
 *(.gnu.linkonce.d*)
 *(.rodata)
 *(.rodata*)
 *(.gnu.linkonce.r*)
                0x000000000080012a                . = ALIGN (0x2)
                0x000000000080012a                _edata = .
                0x000000000080012a                PROVIDE (__data_end, .)

.bss            0x000000000080012a      0x357
                0x000000000080012a                PROVIDE (__bss_start, .)
 *(.bss)
 .bss           0x000000000080012a        0x0 /usr/lib/gcc/avr/5.4.0/../../../avr/lib/avr5/crtatmega169.o
 .bss           0x000000000080012a        0x0 main.o
 .bss           0x000000000080012a        0x0 init_lcd.o
 .bss           0x000000000080012a        0x0 init_buttons.o
 .bss           0x000000000080012a        0x0 Writer.o
 .bss           0x000000000080012a        0x0 TinyTimber.o
 .bss           0x000000000080012a        0x0 Generator.o
 .bss           0x000000000080012a        0x0 GUI.o
 .bss           0x000000000080012a        0x0 /usr/lib/gcc/avr/5.4.0/avr5/libgcc.a(_divmodsi4.o)
 .bss           0x000000000080012a        0x0 /usr/lib/gcc/avr/5.4.0/avr5/libgcc.a(_negsi2.o)
 .bss           0x000000000080012a        0x0 /usr/lib/gcc/avr/5.4.0/avr5/libgcc.a(_exit.o)
 .bss           0x000000000080012a        0x0 /usr/lib/gcc/avr/5.4.0/avr5/libgcc.a(_copy_data.o)
 .bss           0x000000000080012a        0x0 /usr/lib/gcc/avr/5.4.0/avr5/libgcc.a(_clear_bss.o)
 .bss           0x000000000080012a        0x0 /usr/lib/gcc/avr/5.4.0/avr5/libgcc.a(_udivmodsi4.o)
 .bss           0x000000000080012a        0x0 /usr/lib/gcc/avr/5.4.0/../../../avr/lib/avr5/libc.a(setjmp.o)
 *(.bss*)
 .bss.writer    0x000000000080012a        0x4 main.o
                0x000000000080012a                writer
 .bss.msgQ      0x000000000080012e        0x2 TinyTimber.o
                0x000000000080012e                msgQ
 .bss.timerQ    0x0000000000800130        0x2 TinyTimber.o
                0x0000000000800130                timerQ
 .bss.timestamp
                0x0000000000800132        0x4 TinyTimber.o
                0x0000000000800132                timestamp
 .bss.overflows
                0x0000000000800136        0x2 TinyTimber.o
                0x0000000000800136                overflows
 *(COMMON)
 COMMON         0x0000000000800138      0x349 TinyTimber.o
                0x0000000000800138                otable
                0x000000000080015c                threads
                0x00000000008001d0                mtable
                0x00000000008001f4                thread0
                0x0000000000800211                messages
                0x0000000000800301                stacks
                0x0000000000800481                PROVIDE (__bss_end, .)
                0x0000000000003472                __data_load_start = LOADADDR (.data)
                0x000000000000349c                __data_load_end = (__data_load_start + SIZEOF (.data))

.noinit         0x0000000000800481        0x0
                [!provide]                        PROVIDE (__noinit_start, .)
 *(.noinit*)
                [!provide]                        PROVIDE (__noinit_end, .)
                0x0000000000800481                _end = .
                [!provide]                        PROVIDE (__heap_start, .)

.eeprom         0x0000000000810000        0x0
 *(.eeprom*)
                0x0000000000810000                __eeprom_end = .

.fuse
 *(.fuse)
 *(.lfuse)
 *(.hfuse)
 *(.efuse)

.lock
 *(.lock*)

.signature
 *(.signature*)

.user_signatures
 *(.user_signatures*)

.stab           0x0000000000000000     0x3c60
 *(.stab)
 .stab          0x0000000000000000      0x5f4 main.o
 .stab          0x00000000000005f4      0x30c init_lcd.o
                                        0x4d4 (size before relaxing)
 .stab          0x0000000000000900      0x318 init_buttons.o
                                        0x4e0 (size before relaxing)
 .stab          0x0000000000000c18      0x420 Writer.o
                                        0x654 (size before relaxing)
 .stab          0x0000000000001038     0x1c38 TinyTimber.o
                                       0x1e54 (size before relaxing)
 .stab          0x0000000000002c70      0x558 Generator.o
                                        0x7a4 (size before relaxing)
 .stab          0x00000000000031c8      0xa98 GUI.o
                                        0xcfc (size before relaxing)

.stabstr        0x0000000000000000     0x1a45
 *(.stabstr)
 .stabstr       0x0000000000000000     0x1a45 main.o

.stab.excl
 *(.stab.excl)

.stab.exclstr
 *(.stab.exclstr)

.stab.index
 *(.stab.index)

.stab.indexstr
 *(.stab.indexstr)

.comment        0x0000000000000000       0x11
 *(.comment)
 .comment       0x0000000000000000       0x11 main.o
                                         0x12 (size before relaxing)
 .comment       0x0000000000000011       0x12 init_lcd.o
 .comment       0x0000000000000011       0x12 init_buttons.o
 .comment       0x0000000000000011       0x12 Writer.o
 .comment       0x0000000000000011       0x12 TinyTimber.o
 .comment       0x0000000000000011       0x12 Generator.o
 .comment       0x0000000000000011       0x12 GUI.o

.note.gnu.avr.deviceinfo
                0x0000000000000000       0x3c
 .note.gnu.avr.deviceinfo
                0x0000000000000000       0x3c /usr/lib/gcc/avr/5.4.0/../../../avr/lib/avr5/crtatmega169.o

.note.gnu.build-id
 *(.note.gnu.build-id)

.debug
 *(.debug)

.line
 *(.line)

.debug_srcinfo
 *(.debug_srcinfo)

.debug_sfnames
 *(.debug_sfnames)

.debug_aranges
 *(.debug_aranges)

.debug_pubnames
 *(.debug_pubnames)

.debug_info
 *(.debug_info .gnu.linkonce.wi.*)

.debug_abbrev
 *(.debug_abbrev)

.debug_line
 *(.debug_line .debug_line.* .debug_line_end)

.debug_frame
 *(.debug_frame)

.debug_str
 *(.debug_str)

.debug_loc
 *(.debug_loc)

.debug_macinfo
 *(.debug_macinfo)

.debug_weaknames
 *(.debug_weaknames)

.debug_funcnames
 *(.debug_funcnames)

.debug_typenames
 *(.debug_typenames)

.debug_varnames
 *(.debug_varnames)

.debug_pubtypes
 *(.debug_pubtypes)

.debug_ranges
 *(.debug_ranges)

.debug_macro
 *(.debug_macro)
OUTPUT(D0003E_Lab_4.elf elf32-avr)
LOAD linker stubs
